2025-06-11T18:11:23.872766 - ✅ [신보령/2022] FL1: 8760건 → `tms_신보령_fl1` 삽입 완료
2025-06-11T18:15:07.557313 - ✅ [신보령/2022] O₂: 8760건 → `tms_신보령_o₂` 삽입 완료
2025-06-11T18:18:50.050423 - ✅ [신보령/2022] TMP: 8760건 → `tms_신보령_tmp` 삽입 완료
2025-06-11T18:22:33.135916 - ✅ [신보령/2022] TSP: 8760건 → `tms_신보령_tsp` 삽입 완료
2025-06-11T18:26:15.898979 - ✅ [신보령/2022] SOx: 8760건 → `tms_신보령_sox` 삽입 완료
2025-06-11T18:30:06.080539 - ✅ [신보령/2022] NOx: 8760건 → `tms_신보령_nox` 삽입 완료
2025-06-11T18:30:23.539305 - ✅ [신보령/2025] TMP: 744건 → `tms_신보령_tmp` 삽입 완료
2025-06-11T18:30:41.001681 - ✅ [신보령/2025] TSP: 744건 → `tms_신보령_tsp` 삽입 완료
2025-06-11T18:30:58.452827 - ✅ [신보령/2025] SOx: 744건 → `tms_신보령_sox` 삽입 완료
2025-06-11T18:31:16.052614 - ✅ [신보령/2025] NOx: 744건 → `tms_신보령_nox` 삽입 완료
2025-06-11T18:31:33.530770 - ✅ [신보령/2025] FL1: 744건 → `tms_신보령_fl1` 삽입 완료
2025-06-11T18:31:50.950633 - ✅ [신보령/2025] O₂: 744건 → `tms_신보령_o₂` 삽입 완료
2025-06-11T18:35:16.878521 - ✅ [신보령/2024] TMP: 8784건 → `tms_신보령_tmp` 삽입 완료
2025-06-11T18:38:56.633798 - ✅ [신보령/2024] O₂: 8784건 → `tms_신보령_o₂` 삽입 완료
2025-06-11T18:42:25.695397 - ✅ [신보령/2024] NOx: 8784건 → `tms_신보령_nox` 삽입 완료
2025-06-11T18:46:06.151848 - ✅ [신보령/2024] SOx: 8784건 → `tms_신보령_sox` 삽입 완료
2025-06-11T18:49:38.001808 - ✅ [신보령/2024] TSP: 8784건 → `tms_신보령_tsp` 삽입 완료
2025-06-11T18:53:06.331378 - ✅ [신보령/2024] FL1: 8784건 → `tms_신보령_fl1` 삽입 완료
2025-06-11T18:56:35.067928 - ✅ [신보령/2023] FL1: 8760건 → `tms_신보령_fl1` 삽입 완료
2025-06-11T19:00:04.885096 - ✅ [신보령/2023] TMP: 8760건 → `tms_신보령_tmp` 삽입 완료
2025-06-11T19:03:31.807970 - ✅ [신보령/2023] NOx: 8760건 → `tms_신보령_nox` 삽입 완료
2025-06-11T19:06:59.840191 - ✅ [신보령/2023] O₂: 8760건 → `tms_신보령_o₂` 삽입 완료
2025-06-11T19:10:31.099772 - ✅ [신보령/2023] SOx: 8760건 → `tms_신보령_sox` 삽입 완료
2025-06-11T20:29:32.549878 - ❌ 오류 발생 → 2022_FL1.csv: (1054, "Unknown column '정보일시' in 'field list'")
2025-06-11T20:29:32.618185 - ❌ 오류 발생 → 2022_O₂.csv: (1054, "Unknown column '정보일시' in 'field list'")
2025-06-11T20:29:32.676637 - ❌ 오류 발생 → 2022_TMP.csv: (1054, "Unknown column '정보일시' in 'field list'")
2025-06-11T20:29:32.745780 - ❌ 오류 발생 → 2022_TSP.csv: (1054, "Unknown column '정보일시' in 'field list'")
2025-06-11T20:29:32.835269 - ❌ 오류 발생 → 2022_SOx.csv: (1054, "Unknown column '정보일시' in 'field list'")
2025-06-11T20:29:32.897368 - ❌ 오류 발생 → 2022_NOx.csv: (1054, "Unknown column '정보일시' in 'field list'")
2025-06-11T20:29:32.937515 - ❌ 오류 발생 → 2025_TMP.csv: (1054, "Unknown column '정보일시' in 'field list'")
2025-06-11T20:29:32.994196 - ❌ 오류 발생 → 2025_TSP.csv: (1054, "Unknown column '정보일시' in 'field list'")
2025-06-11T20:29:33.073911 - ❌ 오류 발생 → 2025_SOx.csv: (1054, "Unknown column '정보일시' in 'field list'")
2025-06-11T20:29:33.136579 - ❌ 오류 발생 → 2025_NOx.csv: (1054, "Unknown column '정보일시' in 'field list'")
2025-06-11T20:29:33.192659 - ❌ 오류 발생 → 2025_FL1.csv: (1054, "Unknown column '정보일시' in 'field list'")
2025-06-11T20:29:33.257111 - ❌ 오류 발생 → 2025_O₂.csv: (1054, "Unknown column '정보일시' in 'field list'")
2025-06-11T20:29:33.308315 - ❌ 오류 발생 → 2024_TMP.csv: (1054, "Unknown column '정보일시' in 'field list'")
2025-06-11T20:29:33.411405 - ❌ 오류 발생 → 2024_O₂.csv: (1054, "Unknown column '정보일시' in 'field list'")
2025-06-11T20:29:33.628621 - ❌ 오류 발생 → 2024_NOx.csv: (1054, "Unknown column '정보일시' in 'field list'")
2025-06-11T20:29:33.685295 - ❌ 오류 발생 → 2024_SOx.csv: (1054, "Unknown column '정보일시' in 'field list'")
2025-06-11T20:29:33.746587 - ❌ 오류 발생 → 2024_TSP.csv: (1054, "Unknown column '정보일시' in 'field list'")
2025-06-11T20:29:33.826696 - ❌ 오류 발생 → 2024_FL1.csv: (1054, "Unknown column '정보일시' in 'field list'")
2025-06-11T20:29:33.881484 - ❌ 오류 발생 → 2023_FL1.csv: (1054, "Unknown column '정보일시' in 'field list'")
2025-06-11T20:29:33.940345 - ❌ 오류 발생 → 2023_TMP.csv: (1054, "Unknown column '정보일시' in 'field list'")
2025-06-11T20:29:33.991593 - ❌ 오류 발생 → 2023_NOx.csv: (1054, "Unknown column '정보일시' in 'field list'")
2025-06-11T20:29:34.111105 - ❌ 오류 발생 → 2023_O₂.csv: (1054, "Unknown column '정보일시' in 'field list'")
2025-06-11T20:29:34.175933 - ❌ 오류 발생 → 2023_SOx.csv: (1054, "Unknown column '정보일시' in 'field list'")
2025-06-11T20:29:34.222131 - ❌ 오류 발생 → 2023_TSP.csv: (1054, "Unknown column '정보일시' in 'field list'")
2025-06-11T20:29:34.280528 - ❌ 오류 발생 → 2019_TSP.csv: (1054, "Unknown column '정보일시' in 'field list'")
2025-06-11T20:29:34.357002 - ❌ 오류 발생 → 2019_SOx.csv: (1054, "Unknown column '정보일시' in 'field list'")
2025-06-11T20:29:34.418894 - ❌ 오류 발생 → 2019_NOx.csv: (1054, "Unknown column '정보일시' in 'field list'")
2025-06-11T20:29:34.533112 - ❌ 오류 발생 → 2019_TMP.csv: (1054, "Unknown column '정보일시' in 'field list'")
2025-06-11T20:29:34.620858 - ❌ 오류 발생 → 2019_FL1.csv: (1054, "Unknown column '정보일시' in 'field list'")
2025-06-11T20:29:34.699692 - ❌ 오류 발생 → 2019_O₂.csv: (1054, "Unknown column '정보일시' in 'field list'")
2025-06-11T20:29:34.781500 - ❌ 오류 발생 → 2021_FL1.csv: (1054, "Unknown column '정보일시' in 'field list'")
2025-06-11T20:29:34.853079 - ❌ 오류 발생 → 2021_SOx.csv: (1054, "Unknown column '정보일시' in 'field list'")
2025-06-11T20:29:34.926145 - ❌ 오류 발생 → 2021_TSP.csv: (1054, "Unknown column '정보일시' in 'field list'")
2025-06-11T20:29:34.978118 - ❌ 오류 발생 → 2021_NOx.csv: (1054, "Unknown column '정보일시' in 'field list'")
2025-06-11T20:29:35.031019 - ❌ 오류 발생 → 2021_O₂.csv: (1054, "Unknown column '정보일시' in 'field list'")
2025-06-11T20:29:35.087377 - ❌ 오류 발생 → 2021_TMP.csv: (1054, "Unknown column '정보일시' in 'field list'")
2025-06-11T20:29:35.135349 - ❌ 오류 발생 → 2020_O₂.csv: (1054, "Unknown column '정보일시' in 'field list'")
2025-06-11T20:29:35.248238 - ❌ 오류 발생 → 2020_FL1.csv: (1054, "Unknown column '정보일시' in 'field list'")
2025-06-11T20:29:35.456736 - ❌ 오류 발생 → 2020_NOx.csv: (1054, "Unknown column '정보일시' in 'field list'")
2025-06-11T20:29:35.555226 - ❌ 오류 발생 → 2020_TSP.csv: (1054, "Unknown column '정보일시' in 'field list'")
2025-06-11T20:29:35.739268 - ❌ 오류 발생 → 2020_SOx.csv: (1054, "Unknown column '정보일시' in 'field list'")
2025-06-11T20:29:35.839963 - ❌ 오류 발생 → 2020_TMP.csv: (1054, "Unknown column '정보일시' in 'field list'")
2025-06-11T20:29:35.968754 - ❌ 오류 발생 → 2018_NOx.csv: (1054, "Unknown column '정보일시' in 'field list'")
2025-06-11T20:29:36.056359 - ❌ 오류 발생 → 2018_SOx.csv: (1054, "Unknown column '정보일시' in 'field list'")
2025-06-11T20:29:36.156929 - ❌ 오류 발생 → 2018_TSP.csv: (1054, "Unknown column '정보일시' in 'field list'")
2025-06-11T20:29:36.370144 - ❌ 오류 발생 → 2018_TMP.csv: (1054, "Unknown column '정보일시' in 'field list'")
2025-06-11T20:29:36.455872 - ❌ 오류 발생 → 2018_O₂.csv: (1054, "Unknown column '정보일시' in 'field list'")
2025-06-11T20:29:36.606491 - ❌ 오류 발생 → 2018_FL1.csv: (1054, "Unknown column '정보일시' in 'field list'")
2025-06-11T20:29:37.639525 - ✅ [보령/2022] FL1: 8760건 → `tms_보령_fl1` 삽입 완료
2025-06-11T20:29:38.383610 - ✅ [보령/2022] O₂: 8760건 → `tms_보령_o₂` 삽입 완료
2025-06-11T20:29:39.177648 - ✅ [보령/2022] TMP: 8760건 → `tms_보령_tmp` 삽입 완료
2025-06-11T20:29:39.902594 - ✅ [보령/2022] TSP: 8760건 → `tms_보령_tsp` 삽입 완료
2025-06-11T20:29:40.654908 - ✅ [보령/2022] SOx: 8760건 → `tms_보령_sox` 삽입 완료
2025-06-11T20:29:41.417280 - ✅ [보령/2022] NOx: 8760건 → `tms_보령_nox` 삽입 완료
2025-06-11T20:29:41.510339 - ✅ [보령/2025] TMP: 744건 → `tms_보령_tmp` 삽입 완료
2025-06-11T20:29:41.595055 - ✅ [보령/2025] TSP: 744건 → `tms_보령_tsp` 삽입 완료
2025-06-11T20:29:41.682519 - ✅ [보령/2025] SOx: 744건 → `tms_보령_sox` 삽입 완료
2025-06-11T20:29:41.755751 - ✅ [보령/2025] NOx: 744건 → `tms_보령_nox` 삽입 완료
2025-06-11T20:29:41.837147 - ✅ [보령/2025] FL1: 744건 → `tms_보령_fl1` 삽입 완료
2025-06-11T20:29:42.137505 - ✅ [보령/2025] O₂: 744건 → `tms_보령_o₂` 삽입 완료
2025-06-11T20:29:44.183424 - ✅ [보령/2024] TMP: 8784건 → `tms_보령_tmp` 삽입 완료
2025-06-11T20:29:45.260288 - ✅ [보령/2024] O₂: 8784건 → `tms_보령_o₂` 삽입 완료
2025-06-11T20:29:46.159890 - ✅ [보령/2024] NOx: 8784건 → `tms_보령_nox` 삽입 완료
2025-06-11T20:29:47.133324 - ✅ [보령/2024] SOx: 8784건 → `tms_보령_sox` 삽입 완료
2025-06-11T20:29:47.858714 - ✅ [보령/2024] TSP: 8784건 → `tms_보령_tsp` 삽입 완료
2025-06-11T20:29:48.536109 - ✅ [보령/2024] FL1: 8784건 → `tms_보령_fl1` 삽입 완료
2025-06-11T20:29:49.145633 - ✅ [보령/2023] FL1: 8760건 → `tms_보령_fl1` 삽입 완료
2025-06-11T20:29:49.822926 - ✅ [보령/2023] TMP: 8760건 → `tms_보령_tmp` 삽입 완료
2025-06-11T20:29:50.489103 - ✅ [보령/2023] NOx: 8760건 → `tms_보령_nox` 삽입 완료
2025-06-11T20:29:51.030183 - ✅ [보령/2023] O₂: 8760건 → `tms_보령_o₂` 삽입 완료
2025-06-11T20:29:52.030757 - ✅ [보령/2023] SOx: 8760건 → `tms_보령_sox` 삽입 완료
2025-06-11T20:29:52.714581 - ✅ [보령/2023] TSP: 8760건 → `tms_보령_tsp` 삽입 완료
2025-06-11T20:29:53.476629 - ✅ [보령/2019] TSP: 8760건 → `tms_보령_tsp` 삽입 완료
2025-06-11T20:29:54.099038 - ✅ [보령/2019] SOx: 8760건 → `tms_보령_sox` 삽입 완료
2025-06-11T20:29:54.680880 - ✅ [보령/2019] NOx: 8760건 → `tms_보령_nox` 삽입 완료
2025-06-11T20:29:55.673140 - ✅ [보령/2019] TMP: 8760건 → `tms_보령_tmp` 삽입 완료
2025-06-11T20:29:56.264950 - ✅ [보령/2019] FL1: 8760건 → `tms_보령_fl1` 삽입 완료
2025-06-11T20:29:56.774626 - ✅ [보령/2019] O₂: 8760건 → `tms_보령_o₂` 삽입 완료
2025-06-11T20:29:57.711629 - ✅ [보령/2021] FL1: 8760건 → `tms_보령_fl1` 삽입 완료
2025-06-11T20:29:58.206259 - ✅ [보령/2021] SOx: 8760건 → `tms_보령_sox` 삽입 완료
2025-06-11T20:29:58.686460 - ✅ [보령/2021] TSP: 8760건 → `tms_보령_tsp` 삽입 완료
2025-06-11T20:29:59.406844 - ✅ [보령/2021] NOx: 8760건 → `tms_보령_nox` 삽입 완료
2025-06-11T20:29:59.880927 - ✅ [보령/2021] O₂: 8760건 → `tms_보령_o₂` 삽입 완료
2025-06-11T20:30:00.413105 - ✅ [보령/2021] TMP: 8760건 → `tms_보령_tmp` 삽입 완료
2025-06-11T20:30:01.226137 - ✅ [보령/2020] O₂: 8784건 → `tms_보령_o₂` 삽입 완료
2025-06-11T20:30:01.921553 - ✅ [보령/2020] FL1: 8784건 → `tms_보령_fl1` 삽입 완료
2025-06-11T20:30:02.445557 - ✅ [보령/2020] NOx: 8784건 → `tms_보령_nox` 삽입 완료
2025-06-11T20:30:03.219898 - ✅ [보령/2020] TSP: 8784건 → `tms_보령_tsp` 삽입 완료
2025-06-11T20:30:04.042657 - ✅ [보령/2020] SOx: 8784건 → `tms_보령_sox` 삽입 완료
2025-06-11T20:30:04.586305 - ✅ [보령/2020] TMP: 8784건 → `tms_보령_tmp` 삽입 완료
2025-06-11T20:30:05.107197 - ✅ [보령/2018] NOx: 8760건 → `tms_보령_nox` 삽입 완료
2025-06-11T20:30:05.794939 - ✅ [보령/2018] SOx: 8760건 → `tms_보령_sox` 삽입 완료
2025-06-11T20:30:06.379521 - ✅ [보령/2018] TSP: 8760건 → `tms_보령_tsp` 삽입 완료
2025-06-11T20:30:06.933054 - ✅ [보령/2018] TMP: 8760건 → `tms_보령_tmp` 삽입 완료
2025-06-11T20:30:08.180617 - ✅ [보령/2018] O₂: 8760건 → `tms_보령_o₂` 삽입 완료
2025-06-11T20:30:08.667038 - ✅ [보령/2018] FL1: 8760건 → `tms_보령_fl1` 삽입 완료
2025-06-11T20:30:09.473008 - ✅ [신서천/2022] FL1: 8760건 → `tms_신서천_fl1` 삽입 완료
2025-06-11T20:30:11.234158 - ✅ [신서천/2022] O₂: 8760건 → `tms_신서천_o₂` 삽입 완료
2025-06-11T20:30:11.758723 - ✅ [신서천/2022] TMP: 8760건 → `tms_신서천_tmp` 삽입 완료
2025-06-11T20:30:12.263791 - ✅ [신서천/2022] TSP: 8760건 → `tms_신서천_tsp` 삽입 완료
2025-06-11T20:30:12.792807 - ✅ [신서천/2022] SOx: 8760건 → `tms_신서천_sox` 삽입 완료
2025-06-11T20:30:13.352338 - ✅ [신서천/2022] NOx: 8760건 → `tms_신서천_nox` 삽입 완료
2025-06-11T20:30:13.422611 - ✅ [신서천/2025] TMP: 744건 → `tms_신서천_tmp` 삽입 완료
2025-06-11T20:30:13.510407 - ✅ [신서천/2025] TSP: 744건 → `tms_신서천_tsp` 삽입 완료
2025-06-11T20:30:13.594212 - ✅ [신서천/2025] SOx: 744건 → `tms_신서천_sox` 삽입 완료
2025-06-11T20:30:13.681020 - ✅ [신서천/2025] NOx: 744건 → `tms_신서천_nox` 삽입 완료
2025-06-11T20:30:13.769000 - ✅ [신서천/2025] FL1: 744건 → `tms_신서천_fl1` 삽입 완료
2025-06-11T20:30:13.849021 - ✅ [신서천/2025] O₂: 744건 → `tms_신서천_o₂` 삽입 완료
2025-06-11T20:30:14.571874 - ✅ [신서천/2024] TMP: 8784건 → `tms_신서천_tmp` 삽입 완료
2025-06-11T20:30:15.206508 - ✅ [신서천/2024] O₂: 8784건 → `tms_신서천_o₂` 삽입 완료
2025-06-11T20:30:16.141604 - ✅ [신서천/2024] NOx: 8784건 → `tms_신서천_nox` 삽입 완료
2025-06-11T20:30:16.674393 - ✅ [신서천/2024] SOx: 8784건 → `tms_신서천_sox` 삽입 완료
2025-06-11T20:30:17.489066 - ✅ [신서천/2024] TSP: 8784건 → `tms_신서천_tsp` 삽입 완료
2025-06-11T20:30:18.256985 - ✅ [신서천/2024] FL1: 8784건 → `tms_신서천_fl1` 삽입 완료
2025-06-11T20:30:19.143824 - ✅ [신서천/2023] FL1: 8760건 → `tms_신서천_fl1` 삽입 완료
2025-06-11T20:30:19.625140 - ✅ [신서천/2023] TMP: 8760건 → `tms_신서천_tmp` 삽입 완료
2025-06-11T20:30:20.385005 - ✅ [신서천/2023] NOx: 8760건 → `tms_신서천_nox` 삽입 완료
2025-06-11T20:30:21.113358 - ✅ [신서천/2023] O₂: 8760건 → `tms_신서천_o₂` 삽입 완료
2025-06-11T20:30:21.852068 - ✅ [신서천/2023] SOx: 8760건 → `tms_신서천_sox` 삽입 완료
2025-06-11T20:30:22.717891 - ✅ [신서천/2023] TSP: 8760건 → `tms_신서천_tsp` 삽입 완료
2025-06-11T20:30:23.029491 - ✅ [신서천/2021] FL1: 4416건 → `tms_신서천_fl1` 삽입 완료
2025-06-11T20:30:23.283873 - ✅ [신서천/2021] SOx: 4416건 → `tms_신서천_sox` 삽입 완료
2025-06-11T20:30:23.528684 - ✅ [신서천/2021] TSP: 4416건 → `tms_신서천_tsp` 삽입 완료
2025-06-11T20:30:23.864750 - ✅ [신서천/2021] NOx: 4416건 → `tms_신서천_nox` 삽입 완료
2025-06-11T20:30:24.143458 - ✅ [신서천/2021] O₂: 4416건 → `tms_신서천_o₂` 삽입 완료
2025-06-11T20:30:24.434985 - ✅ [신서천/2021] TMP: 4416건 → `tms_신서천_tmp` 삽입 완료
2025-06-11T20:30:24.462125 - 🎉 전체 자동 업로드 + 테이블 생성 + 로그 기록 완료
